// Jest Snapshot v1, https://goo.gl/fbAQLP

exports[`Header Component renders the UI as expected 1`] = `
<p>
  Header
</p>
`;
