// Jest Snapshot v1, https://goo.gl/fbAQLP

exports[`NoteList Component renders the UI as expected 1`] = `<AllNotes />`;
