// Jest Snapshot v1, https://goo.gl/fbAQLP

exports[`AddFolder Component renders the UI as expected 1`] = `
<div
  className="AddFolder"
>
  <form>
    <h2>
      Add a Folder
    </h2>
    <div
      className="input-field"
    >
      <label
        htmlFor="new-folder"
      />
      <input
        className="new-folder-input"
        id="new-folder"
        name="new-folder"
        type="text"
      />
    </div>
    <div
      className="buttons"
    >
      <button>
        Cancel
      </button>
      <button>
        Sumbit
      </button>
    </div>
  </form>
</div>
`;
